// Jest Snapshot v1, https://goo.gl/fbAQLP

exports[`Table component should attach styles 1`] = `"<table role=\\"grid\\" class=\\"gridjs-table\\" style=\\"padding: 2px; margin: 1px; width: 100%; height: auto;\\"><thead class=\\"gridjs-thead\\"><tr class=\\"gridjs-tr\\"><th data-column-id=\\"h1\\" class=\\"gridjs-th\\" style=\\"border: 1px solid black;\\">h1</th><th data-column-id=\\"h2\\" class=\\"gridjs-th\\" style=\\"border: 1px solid black;\\">h2</th><th data-column-id=\\"h3\\" class=\\"gridjs-th\\" style=\\"border: 1px solid black;\\">h3</th></tr></thead><tbody class=\\"gridjs-tbody\\"></tbody></table>"`;

exports[`Table component should attach the fixedHeader classname 1`] = `"<table role=\\"grid\\" class=\\"gridjs-table\\" style=\\"width: 100%; height: auto;\\"><thead class=\\"gridjs-thead\\"><tr class=\\"gridjs-tr\\"><th data-column-id=\\"c\\" class=\\"gridjs-th gridjs-th-fixed\\" style=\\"top: 0px;\\">c</th><th data-column-id=\\"d\\" class=\\"gridjs-th gridjs-th-fixed\\" style=\\"top: 0px;\\">d</th><th data-column-id=\\"e\\" class=\\"gridjs-th gridjs-th-fixed\\" style=\\"top: 0px;\\">e</th></tr></thead><tbody class=\\"gridjs-tbody\\"><tr class=\\"gridjs-tr\\"><td data-column-id=\\"c\\" class=\\"gridjs-td\\">1</td><td data-column-id=\\"d\\" class=\\"gridjs-td\\">2</td><td data-column-id=\\"e\\" class=\\"gridjs-td\\">3</td></tr><tr class=\\"gridjs-tr\\"><td data-column-id=\\"c\\" class=\\"gridjs-td\\">a</td><td data-column-id=\\"d\\" class=\\"gridjs-td\\">b</td><td data-column-id=\\"e\\" class=\\"gridjs-td\\">c</td></tr></tbody></table>"`;

exports[`Table component should hide the columns with hidden: true 1`] = `"<table role=\\"grid\\" class=\\"gridjs-table\\" style=\\"width: 100%; height: auto;\\"><thead class=\\"gridjs-thead\\"><tr class=\\"gridjs-tr\\"><th data-column-id=\\"e\\" class=\\"gridjs-th\\">e</th></tr></thead><tbody class=\\"gridjs-tbody\\"><tr class=\\"gridjs-tr\\"><td data-column-id=\\"e\\" class=\\"gridjs-td\\">3</td></tr><tr class=\\"gridjs-tr\\"><td data-column-id=\\"e\\" class=\\"gridjs-td\\">c</td></tr></tbody></table>"`;

exports[`Table component should only attached fixedHeader to some columns 1`] = `"<table role=\\"grid\\" class=\\"gridjs-table\\" style=\\"width: 100%; height: auto;\\"><thead class=\\"gridjs-thead\\"><tr class=\\"gridjs-tr\\"><th data-column-id=\\"c\\" class=\\"gridjs-th gridjs-th-fixed\\" style=\\"top: 0px;\\">c</th><th data-column-id=\\"d\\" class=\\"gridjs-th gridjs-th-fixed\\" style=\\"top: 0px;\\">d</th><th data-column-id=\\"e\\" class=\\"gridjs-th\\">e</th></tr></thead><tbody class=\\"gridjs-tbody\\"><tr class=\\"gridjs-tr\\"><td data-column-id=\\"c\\" class=\\"gridjs-td\\">1</td><td data-column-id=\\"d\\" class=\\"gridjs-td\\">2</td><td data-column-id=\\"e\\" class=\\"gridjs-td\\">3</td></tr><tr class=\\"gridjs-tr\\"><td data-column-id=\\"c\\" class=\\"gridjs-td\\">a</td><td data-column-id=\\"d\\" class=\\"gridjs-td\\">b</td><td data-column-id=\\"e\\" class=\\"gridjs-td\\">c</td></tr></tbody></table>"`;

exports[`Table component should render a table 1`] = `"<table role=\\"grid\\" class=\\"gridjs-table\\" style=\\"width: 100%; height: auto;\\"><tbody class=\\"gridjs-tbody\\"><tr class=\\"gridjs-tr\\"><td class=\\"gridjs-td\\">1</td><td class=\\"gridjs-td\\">2</td><td class=\\"gridjs-td\\">3</td></tr><tr class=\\"gridjs-tr\\"><td class=\\"gridjs-td\\">a</td><td class=\\"gridjs-td\\">b</td><td class=\\"gridjs-td\\">c</td></tr></tbody></table>"`;

exports[`Table component should render a table with column sort 1`] = `"<table role=\\"grid\\" class=\\"gridjs-table\\" style=\\"width: 100%; height: auto;\\"><thead class=\\"gridjs-thead\\"><tr class=\\"gridjs-tr\\"><th data-column-id=\\"h1\\" class=\\"gridjs-th gridjs-th-sort\\" tabindex=\\"0\\">h1<button tabindex=\\"-1\\" aria-label=\\"Sort column ascending\\" title=\\"Sort column ascending\\" class=\\"gridjs-sort gridjs-sort-neutral\\"></button></th><th data-column-id=\\"h2\\" class=\\"gridjs-th\\">h2</th><th data-column-id=\\"h3\\" class=\\"gridjs-th gridjs-th-sort\\" tabindex=\\"0\\">h3<button tabindex=\\"-1\\" aria-label=\\"Sort column ascending\\" title=\\"Sort column ascending\\" class=\\"gridjs-sort gridjs-sort-neutral\\"></button></th></tr></thead><tbody class=\\"gridjs-tbody\\"><tr class=\\"gridjs-tr\\"><td data-column-id=\\"h1\\" class=\\"gridjs-td\\">1</td><td data-column-id=\\"h2\\" class=\\"gridjs-td\\">2</td><td data-column-id=\\"h3\\" class=\\"gridjs-td\\">3</td></tr><tr class=\\"gridjs-tr\\"><td data-column-id=\\"h1\\" class=\\"gridjs-td\\">a</td><td data-column-id=\\"h2\\" class=\\"gridjs-td\\">b</td><td data-column-id=\\"h3\\" class=\\"gridjs-td\\">c</td></tr></tbody></table>"`;

exports[`Table component should render a table with column width 1`] = `"<table role=\\"grid\\" class=\\"gridjs-table\\" style=\\"width: 100%; height: auto;\\"><thead class=\\"gridjs-thead\\"><tr class=\\"gridjs-tr\\"><th data-column-id=\\"h1\\" class=\\"gridjs-th\\" style=\\"width: 10%;\\">h1</th><th data-column-id=\\"h2\\" class=\\"gridjs-th\\">h2</th><th data-column-id=\\"h3\\" class=\\"gridjs-th\\" style=\\"width: 300px;\\">h3</th></tr></thead><tbody class=\\"gridjs-tbody\\"><tr class=\\"gridjs-tr\\"><td data-column-id=\\"h1\\" class=\\"gridjs-td\\">1</td><td data-column-id=\\"h2\\" class=\\"gridjs-td\\">2</td><td data-column-id=\\"h3\\" class=\\"gridjs-td\\">3</td></tr><tr class=\\"gridjs-tr\\"><td data-column-id=\\"h1\\" class=\\"gridjs-td\\">a</td><td data-column-id=\\"h2\\" class=\\"gridjs-td\\">b</td><td data-column-id=\\"h3\\" class=\\"gridjs-td\\">c</td></tr></tbody></table>"`;

exports[`Table component should render a table with header 1`] = `"<table role=\\"grid\\" class=\\"gridjs-table\\" style=\\"width: 100%; height: auto;\\"><thead class=\\"gridjs-thead\\"><tr class=\\"gridjs-tr\\"><th data-column-id=\\"h1\\" class=\\"gridjs-th\\">h1</th><th data-column-id=\\"h2\\" class=\\"gridjs-th\\">h2</th><th data-column-id=\\"h3\\" class=\\"gridjs-th\\">h3</th></tr></thead><tbody class=\\"gridjs-tbody\\"><tr class=\\"gridjs-tr\\"><td data-column-id=\\"h1\\" class=\\"gridjs-td\\">1</td><td data-column-id=\\"h2\\" class=\\"gridjs-td\\">2</td><td data-column-id=\\"h3\\" class=\\"gridjs-td\\">3</td></tr><tr class=\\"gridjs-tr\\"><td data-column-id=\\"h1\\" class=\\"gridjs-td\\">a</td><td data-column-id=\\"h2\\" class=\\"gridjs-td\\">b</td><td data-column-id=\\"h3\\" class=\\"gridjs-td\\">c</td></tr></tbody></table>"`;

exports[`Table component should render a table with loading 1`] = `"<table role=\\"grid\\" class=\\"gridjs-table\\" style=\\"width: 100%; height: auto;\\"><tbody class=\\"gridjs-tbody\\"><tr class=\\"gridjs-tr\\"><td role=\\"alert\\" colspan=\\"0\\" class=\\"gridjs-td gridjs-message gridjs-loading my-loading-class\\">Loading...</td></tr></tbody></table>"`;

exports[`Table component should render a table with null 1`] = `"<table role=\\"grid\\" class=\\"gridjs-table\\" style=\\"width: 100%; height: auto;\\"><thead class=\\"gridjs-thead\\"><tr class=\\"gridjs-tr\\"><th data-column-id=\\"h1\\" class=\\"gridjs-th\\">h1</th><th data-column-id=\\"h2\\" class=\\"gridjs-th\\">h2</th><th data-column-id=\\"h3\\" class=\\"gridjs-th\\">h3</th></tr></thead><tbody class=\\"gridjs-tbody\\"></tbody></table>"`;

exports[`Table component should render a table with width 1`] = `"<table role=\\"grid\\" class=\\"gridjs-table\\" style=\\"width: 300px; height: auto;\\"><thead class=\\"gridjs-thead\\"><tr class=\\"gridjs-tr\\"><th data-column-id=\\"h1\\" class=\\"gridjs-th\\">h1</th><th data-column-id=\\"h2\\" class=\\"gridjs-th\\">h2</th><th data-column-id=\\"h3\\" class=\\"gridjs-th\\">h3</th></tr></thead><tbody class=\\"gridjs-tbody\\"><tr class=\\"gridjs-tr\\"><td data-column-id=\\"h1\\" class=\\"gridjs-td\\">1</td><td data-column-id=\\"h2\\" class=\\"gridjs-td\\">2</td><td data-column-id=\\"h3\\" class=\\"gridjs-td\\">3</td></tr><tr class=\\"gridjs-tr\\"><td data-column-id=\\"h1\\" class=\\"gridjs-td\\">a</td><td data-column-id=\\"h2\\" class=\\"gridjs-td\\">b</td><td data-column-id=\\"h3\\" class=\\"gridjs-td\\">c</td></tr></tbody></table>"`;

exports[`Table component should render a table without autoFix 1`] = `"<table role=\\"grid\\" class=\\"gridjs-table\\" style=\\"width: 100%; height: auto;\\"><thead class=\\"gridjs-thead\\"><tr class=\\"gridjs-tr\\"><th data-column-id=\\"h1\\" class=\\"gridjs-th\\">h1</th><th data-column-id=\\"h2\\" class=\\"gridjs-th\\">h2</th><th data-column-id=\\"h3\\" class=\\"gridjs-th\\">h3</th></tr></thead><tbody class=\\"gridjs-tbody\\"><tr class=\\"gridjs-tr\\"><td data-column-id=\\"h1\\" class=\\"gridjs-td\\">1</td><td data-column-id=\\"h2\\" class=\\"gridjs-td\\">2</td><td data-column-id=\\"h3\\" class=\\"gridjs-td\\">3</td></tr><tr class=\\"gridjs-tr\\"><td data-column-id=\\"h1\\" class=\\"gridjs-td\\">a</td><td data-column-id=\\"h2\\" class=\\"gridjs-td\\">b</td><td data-column-id=\\"h3\\" class=\\"gridjs-td\\">c</td></tr></tbody></table>"`;

exports[`Table component should render a table without data 1`] = `"<table role=\\"grid\\" class=\\"gridjs-table\\" style=\\"width: 100%; height: auto;\\"><thead class=\\"gridjs-thead\\"><tr class=\\"gridjs-tr\\"><th data-column-id=\\"h1\\" class=\\"gridjs-th\\">h1</th><th data-column-id=\\"h2\\" class=\\"gridjs-th\\">h2</th><th data-column-id=\\"h3\\" class=\\"gridjs-th\\">h3</th></tr></thead><tbody class=\\"gridjs-tbody\\"><tr class=\\"gridjs-tr\\"><td role=\\"alert\\" colspan=\\"3\\" class=\\"gridjs-td gridjs-message gridjs-notfound my-notfound-class\\">No matching records found</td></tr></tbody></table>"`;

exports[`Table component should render custom attributes for cells 1`] = `"<table role=\\"grid\\" class=\\"gridjs-table\\" style=\\"width: 100%; height: auto;\\"><thead class=\\"gridjs-thead\\"><tr class=\\"gridjs-tr\\"><th data-column-id=\\"c\\" class=\\"gridjs-th\\">c</th><th data-column-id=\\"d\\" class=\\"gridjs-th\\">d</th><th data-column-id=\\"e\\" class=\\"gridjs-th\\">e</th></tr></thead><tbody class=\\"gridjs-tbody\\"><tr class=\\"gridjs-tr\\"><td data-column-id=\\"c\\" class=\\"gridjs-td\\" height=\\"30px\\">1</td><td data-column-id=\\"d\\" class=\\"gridjs-td\\">2</td><td data-column-id=\\"e\\" class=\\"gridjs-td\\" rowspan=\\"3\\" data-boo=\\"xx\\">3</td></tr><tr class=\\"gridjs-tr\\"><td data-column-id=\\"c\\" class=\\"gridjs-td\\" height=\\"30px\\">a</td><td data-column-id=\\"d\\" class=\\"gridjs-td\\" data-row-c=\\"true\\">b</td><td data-column-id=\\"e\\" class=\\"gridjs-td\\" rowspan=\\"3\\" data-boo=\\"xx\\">c</td></tr></tbody></table>"`;

exports[`Table component should render header with TColumn object 1`] = `"<table role=\\"grid\\" class=\\"gridjs-table\\" style=\\"width: 100%; height: auto;\\"><thead class=\\"gridjs-thead\\"><tr class=\\"gridjs-tr\\"><th data-column-id=\\"boo\\" class=\\"gridjs-th\\"><span><h1>h1</h1></span></th><th data-column-id=\\"h2\\" class=\\"gridjs-th\\">h2</th><th data-column-id=\\"h3\\" class=\\"gridjs-th\\">h3</th></tr></thead><tbody class=\\"gridjs-tbody\\"></tbody></table>"`;

exports[`Table component should render header with complex content 1`] = `"<table role=\\"grid\\" class=\\"gridjs-table\\" style=\\"width: 100%; height: auto;\\"><thead class=\\"gridjs-thead\\"><tr class=\\"gridjs-tr\\"><th data-column-id=\\"h1\\" class=\\"gridjs-th\\"><span><h1>h1</h1></span></th><th data-column-id=\\"h2\\" class=\\"gridjs-th\\">h2</th><th data-column-id=\\"h3\\" class=\\"gridjs-th\\"><span><b>h3</b></span></th></tr></thead><tbody class=\\"gridjs-tbody\\"></tbody></table>"`;

exports[`Table component should set the correct sort attribute for nested headers 1`] = `"<table role=\\"grid\\" class=\\"gridjs-table\\" style=\\"width: 100%; height: auto;\\"><thead class=\\"gridjs-thead\\"><tr class=\\"gridjs-tr\\"><th data-column-id=\\"c\\" class=\\"gridjs-th\\" colspan=\\"2\\">c</th><th data-column-id=\\"d\\" class=\\"gridjs-th gridjs-th-sort\\" rowspan=\\"3\\" tabindex=\\"0\\">d<button tabindex=\\"-1\\" aria-label=\\"Sort column ascending\\" title=\\"Sort column ascending\\" class=\\"gridjs-sort gridjs-sort-neutral\\"></button></th><th data-column-id=\\"e\\" class=\\"gridjs-th\\" colspan=\\"2\\">e</th></tr><tr class=\\"gridjs-tr\\"><th data-column-id=\\"c1\\" class=\\"gridjs-th gridjs-th-sort\\" rowspan=\\"2\\" tabindex=\\"0\\">c1<button tabindex=\\"-1\\" aria-label=\\"Sort column ascending\\" title=\\"Sort column ascending\\" class=\\"gridjs-sort gridjs-sort-neutral\\"></button></th><th data-column-id=\\"c2\\" class=\\"gridjs-th gridjs-th-sort\\" rowspan=\\"2\\" tabindex=\\"0\\">c2<button tabindex=\\"-1\\" aria-label=\\"Sort column ascending\\" title=\\"Sort column ascending\\" class=\\"gridjs-sort gridjs-sort-neutral\\"></button></th><th data-column-id=\\"e1\\" class=\\"gridjs-th\\" colspan=\\"2\\">e1</th><th data-column-id=\\"e2\\" class=\\"gridjs-th\\">e2</th></tr><tr class=\\"gridjs-tr\\"><th data-column-id=\\"e11\\" class=\\"gridjs-th gridjs-th-sort\\" tabindex=\\"0\\">e11<button tabindex=\\"-1\\" aria-label=\\"Sort column ascending\\" title=\\"Sort column ascending\\" class=\\"gridjs-sort gridjs-sort-neutral\\"></button></th><th data-column-id=\\"e12\\" class=\\"gridjs-th gridjs-th-sort\\" tabindex=\\"0\\">e12<button tabindex=\\"-1\\" aria-label=\\"Sort column ascending\\" title=\\"Sort column ascending\\" class=\\"gridjs-sort gridjs-sort-neutral\\"></button></th><th data-column-id=\\"e21\\" class=\\"gridjs-th gridjs-th-sort\\" tabindex=\\"0\\">e21<button tabindex=\\"-1\\" aria-label=\\"Sort column ascending\\" title=\\"Sort column ascending\\" class=\\"gridjs-sort gridjs-sort-neutral\\"></button></th></tr></thead><tbody class=\\"gridjs-tbody\\"><tr class=\\"gridjs-tr\\"><td data-column-id=\\"c1\\" class=\\"gridjs-td\\">1</td><td data-column-id=\\"c2\\" class=\\"gridjs-td\\">2</td><td data-column-id=\\"d\\" class=\\"gridjs-td\\">3</td><td data-column-id=\\"e11\\" class=\\"gridjs-td\\">4</td><td data-column-id=\\"e12\\" class=\\"gridjs-td\\">5</td><td data-column-id=\\"e21\\" class=\\"gridjs-td\\">6</td></tr><tr class=\\"gridjs-tr\\"><td data-column-id=\\"c1\\" class=\\"gridjs-td\\">a</td><td data-column-id=\\"c2\\" class=\\"gridjs-td\\">b</td><td data-column-id=\\"d\\" class=\\"gridjs-td\\">c</td><td data-column-id=\\"e11\\" class=\\"gridjs-td\\">d</td><td data-column-id=\\"e12\\" class=\\"gridjs-td\\">e</td><td data-column-id=\\"e21\\" class=\\"gridjs-td\\">f</td></tr></tbody></table>"`;

exports[`Table component should set the correct top attribute for nested headers 1`] = `"<table role=\\"grid\\" class=\\"gridjs-table\\" style=\\"width: 100%; height: auto;\\"><thead class=\\"gridjs-thead\\"><tr class=\\"gridjs-tr\\"><th data-column-id=\\"c\\" class=\\"gridjs-th gridjs-th-fixed\\" colspan=\\"2\\" style=\\"top: 50px;\\">c</th><th data-column-id=\\"d\\" class=\\"gridjs-th gridjs-th-fixed\\" rowspan=\\"3\\" style=\\"top: 50px;\\">d</th><th data-column-id=\\"e\\" class=\\"gridjs-th gridjs-th-fixed\\" colspan=\\"2\\" style=\\"top: 50px;\\">e</th></tr><tr class=\\"gridjs-tr\\"><th data-column-id=\\"c1\\" class=\\"gridjs-th gridjs-th-fixed\\" rowspan=\\"2\\" style=\\"top: 50px;\\">c1</th><th data-column-id=\\"c2\\" class=\\"gridjs-th gridjs-th-fixed\\" rowspan=\\"2\\" style=\\"top: 50px;\\">c2</th><th data-column-id=\\"e1\\" class=\\"gridjs-th gridjs-th-fixed\\" colspan=\\"2\\" style=\\"top: 50px;\\">e1</th><th data-column-id=\\"e2\\" class=\\"gridjs-th gridjs-th-fixed\\" style=\\"top: 50px;\\">e2</th></tr><tr class=\\"gridjs-tr\\"><th data-column-id=\\"e11\\" class=\\"gridjs-th gridjs-th-fixed\\" style=\\"top: 50px;\\">e11</th><th data-column-id=\\"e12\\" class=\\"gridjs-th gridjs-th-fixed\\" style=\\"top: 50px;\\">e12</th><th data-column-id=\\"e21\\" class=\\"gridjs-th gridjs-th-fixed\\" style=\\"top: 50px;\\">e21</th></tr></thead><tbody class=\\"gridjs-tbody\\"><tr class=\\"gridjs-tr\\"><td data-column-id=\\"c1\\" class=\\"gridjs-td\\">1</td><td data-column-id=\\"c2\\" class=\\"gridjs-td\\">2</td><td data-column-id=\\"d\\" class=\\"gridjs-td\\">3</td><td data-column-id=\\"e11\\" class=\\"gridjs-td\\">4</td><td data-column-id=\\"e12\\" class=\\"gridjs-td\\">5</td><td data-column-id=\\"e21\\" class=\\"gridjs-td\\">6</td></tr><tr class=\\"gridjs-tr\\"><td data-column-id=\\"c1\\" class=\\"gridjs-td\\">a</td><td data-column-id=\\"c2\\" class=\\"gridjs-td\\">b</td><td data-column-id=\\"d\\" class=\\"gridjs-td\\">c</td><td data-column-id=\\"e11\\" class=\\"gridjs-td\\">d</td><td data-column-id=\\"e12\\" class=\\"gridjs-td\\">e</td><td data-column-id=\\"e21\\" class=\\"gridjs-td\\">f</td></tr></tbody></table>"`;
